OPening Log File : Simulation Log :    01/10/1 19:22:28


-----------------------------------------

OPening Log File : Simulation Log :    01/10/1 19:25:38

01/10/1 19:25:51   Reading from Edits
01/10/1 19:25:53   Loading Manifolds
01/10/1 19:25:53   Loading Valves
01/10/1 19:25:53   Loading Fuel
01/10/1 19:25:53   All Edits Read
01/10/1 19:25:53   Edits OK
01/10/1 19:25:53   Engine Initialized
01/10/1 19:28:41   Reading from Edits
01/10/1 19:28:44   Loading Manifolds
01/10/1 19:28:44   Loading Valves
01/10/1 19:28:44   Loading Fuel
01/10/1 19:28:44   All Edits Read
01/10/1 19:28:44   Edits OK
01/10/1 19:28:44   Engine Initialized

-----------------------------------------

OPening Log File : Simulation Log :    01/10/2 18:48:43

01/10/2 18:51:09   Loading Manifolds
01/10/2 18:51:09   Loading Valves
01/10/2 18:51:09   Loading Fuel
01/10/2 18:51:09   All Edits Read
01/10/2 18:52:13   Loading Manifolds
01/10/2 18:52:13   Loading Valves
01/10/2 18:52:13   Loading Fuel
01/10/2 18:52:13   All Edits Read
01/10/2 18:53:21   Loading Manifolds
01/10/2 18:53:21   Loading Valves
01/10/2 18:53:21   Loading Fuel
01/10/2 18:53:21   All Edits Read
01/10/2 18:54:27   Loading Manifolds
01/10/2 18:54:27   Loading Valves
01/10/2 18:54:27   Loading Fuel
01/10/2 18:54:27   All Edits Read
01/10/2 18:55:38   Loading Manifolds
01/10/2 18:55:38   Loading Valves
01/10/2 18:55:38   Loading Fuel
01/10/2 18:55:38   All Edits Read
01/10/2 18:56:45   Loading Manifolds
01/10/2 18:56:45   Loading Valves
01/10/2 18:56:45   Loading Fuel
01/10/2 18:56:45   All Edits Read
01/10/2 18:57:53   Loading Manifolds
01/10/2 18:57:53   Loading Valves
01/10/2 18:57:53   Loading Fuel
01/10/2 18:57:53   All Edits Read
01/10/2 18:59:06   Loading Manifolds
01/10/2 18:59:06   Loading Valves
01/10/2 18:59:06   Loading Fuel
01/10/2 18:59:06   All Edits Read
01/10/2 19:00:12   Loading Manifolds
01/10/2 19:00:12   Loading Valves
01/10/2 19:00:12   Loading Fuel
01/10/2 19:00:12   All Edits Read
01/10/2 19:01:16   Loading Manifolds
01/10/2 19:01:16   Loading Valves
01/10/2 19:01:16   Loading Fuel
01/10/2 19:01:16   All Edits Read
01/10/2 19:02:24   Loading Manifolds
01/10/2 19:02:24   Loading Valves
01/10/2 19:02:24   Loading Fuel
01/10/2 19:02:24   All Edits Read
01/10/2 19:03:31   Loading Manifolds
01/10/2 19:03:31   Loading Valves
01/10/2 19:03:31   Loading Fuel
01/10/2 19:03:31   All Edits Read
01/10/2 19:04:42   Loading Manifolds
01/10/2 19:04:42   Loading Valves
01/10/2 19:04:42   Loading Fuel
01/10/2 19:04:42   All Edits Read
01/10/2 19:15:52   Loading Manifolds
01/10/2 19:15:52   Loading Valves
01/10/2 19:15:52   Loading Fuel
01/10/2 19:15:52   All Edits Read
01/10/2 19:16:52   Loading Manifolds
01/10/2 19:16:52   Loading Valves
01/10/2 19:16:52   Loading Fuel
01/10/2 19:16:52   All Edits Read
01/10/2 19:17:52   Loading Manifolds
01/10/2 19:17:52   Loading Valves
01/10/2 19:17:52   Loading Fuel
01/10/2 19:17:52   All Edits Read
01/10/2 19:18:57   Loading Manifolds
01/10/2 19:18:57   Loading Valves
01/10/2 19:18:57   Loading Fuel
01/10/2 19:18:57   All Edits Read
01/10/2 19:19:59   Loading Manifolds
01/10/2 19:19:59   Loading Valves
01/10/2 19:19:59   Loading Fuel
01/10/2 19:19:59   All Edits Read
01/10/2 19:21:01   Loading Manifolds
01/10/2 19:21:01   Loading Valves
01/10/2 19:21:01   Loading Fuel
01/10/2 19:21:01   All Edits Read
01/10/2 19:22:03   Loading Manifolds
01/10/2 19:22:03   Loading Valves
01/10/2 19:22:03   Loading Fuel
01/10/2 19:22:03   All Edits Read
01/10/2 19:23:07   Loading Manifolds
01/10/2 19:23:07   Loading Valves
01/10/2 19:23:07   Loading Fuel
01/10/2 19:23:07   All Edits Read
01/10/2 19:24:11   Loading Manifolds
01/10/2 19:24:11   Loading Valves
01/10/2 19:24:11   Loading Fuel
01/10/2 19:24:11   All Edits Read
01/10/2 19:25:14   Loading Manifolds
01/10/2 19:25:14   Loading Valves
01/10/2 19:25:14   Loading Fuel
01/10/2 19:25:14   All Edits Read
01/10/2 19:26:15   Loading Manifolds
01/10/2 19:26:15   Loading Valves
01/10/2 19:26:15   Loading Fuel
01/10/2 19:26:15   All Edits Read
01/10/2 19:27:16   Loading Manifolds
01/10/2 19:27:16   Loading Valves
01/10/2 19:27:16   Loading Fuel
01/10/2 19:27:16   All Edits Read
01/10/2 19:28:20   Loading Manifolds
01/10/2 19:28:20   Loading Valves
01/10/2 19:28:20   Loading Fuel
01/10/2 19:28:20   All Edits Read
01/10/2 20:06:00   Loading Manifolds
01/10/2 20:06:00   Loading Valves
01/10/2 20:06:00   Loading Fuel
01/10/2 20:06:00   All Edits Read
01/10/2 20:07:02   Loading Manifolds
01/10/2 20:07:02   Loading Valves
01/10/2 20:07:02   Loading Fuel
01/10/2 20:07:02   All Edits Read
01/10/2 20:07:51   Loading Manifolds
01/10/2 20:07:52   Loading Valves
01/10/2 20:07:52   Loading Fuel
01/10/2 20:07:52   All Edits Read
01/10/2 20:08:53   Loading Manifolds
01/10/2 20:08:53   Loading Valves
01/10/2 20:08:53   Loading Fuel
01/10/2 20:08:53   All Edits Read
01/10/2 20:09:57   Loading Manifolds
01/10/2 20:09:57   Loading Valves
01/10/2 20:09:57   Loading Fuel
01/10/2 20:09:57   All Edits Read
01/10/2 20:11:01   Loading Manifolds
01/10/2 20:11:01   Loading Valves
01/10/2 20:11:01   Loading Fuel
01/10/2 20:11:01   All Edits Read
01/10/2 20:12:06   Loading Manifolds
01/10/2 20:12:06   Loading Valves
01/10/2 20:12:06   Loading Fuel
01/10/2 20:12:06   All Edits Read
01/10/2 20:13:11   Loading Manifolds
01/10/2 20:13:11   Loading Valves
01/10/2 20:13:11   Loading Fuel
01/10/2 20:13:11   All Edits Read
01/10/2 20:14:15   Loading Manifolds
01/10/2 20:14:15   Loading Valves
01/10/2 20:14:15   Loading Fuel
01/10/2 20:14:15   All Edits Read
01/10/2 20:15:31   Loading Manifolds
01/10/2 20:15:31   Loading Valves
01/10/2 20:15:31   Loading Fuel
01/10/2 20:15:31   All Edits Read
01/10/2 20:16:31   Loading Manifolds
01/10/2 20:16:31   Loading Valves
01/10/2 20:16:31   Loading Fuel
01/10/2 20:16:31   All Edits Read
01/10/2 20:17:45   Loading Manifolds
01/10/2 20:17:45   Loading Valves
01/10/2 20:17:45   Loading Fuel
01/10/2 20:17:45   All Edits Read
01/10/2 20:18:59   Loading Manifolds
01/10/2 20:18:59   Loading Valves
01/10/2 20:18:59   Loading Fuel
01/10/2 20:18:59   All Edits Read
